[?25l[2K[1G[36m?[39m [1mConfirm deploy to network base-sepolia (84532)?[22m [90m›[39m [90m(y/N)[39m[2K[1G[2K[1G[32m✔[39m [1mConfirm deploy to network base-sepolia (84532)?[22m [90m…[39m yes
[?25h ·------------------------------------|--------------------------------|--------------------------------·
 |  Solc version: 0.8.28              ·  Optimizer enabled: true       ·  Runs: 1                       │
 ·····································|································|·································
 |  Contract Name                     ·  Deployed size (KiB) (change)  ·  Initcode size (KiB) (change)  │
 ·····································|································|·································
 |  AIBehavior                        ·                 0.084 (0.000)  ·                 0.138 (0.000)  │
 ·····································|································|·································
 |  AIBehaviorRegistry                ·                 0.811 (0.000)  ·                 0.967 (0.000)  │
 ·····································|································|·································
 |  AIEncounters                      ·                11.381 (0.000)  ·                11.654 (0.000)  │
 ·····································|································|·································
 |  AIShips                           ·                 6.920 (0.000)  ·                 7.076 (0.000)  │
 ·····································|································|·································
 |  Arrays                            ·                 0.084 (0.000)  ·                 0.138 (0.000)  │
 ·····································|································|·································
 |  BalanceDeltaLibrary               ·                 0.108 (0.000)  ·                 0.136 (0.000)  │
 ·····································|································|·································
 |  Base64                            ·                 0.084 (0.000)  ·                 0.138 (0.000)  │
 ·····································|································|·································
 |  BeforeSwapDeltaLibrary            ·                 0.108 (0.000)  ·                 0.136 (0.000)  │
 ·····································|································|·································
 |  BitMath                           ·                 0.056 (0.000)  ·                 0.083 (0.000)  │
 ·····································|································|·································
 |  ByteHasher                        ·                 0.084 (0.000)  ·                 0.138 (0.000)  │
 ·····································|································|·································
 |  CadenceArchCaller                 ·                 0.469 (0.000)  ·                 0.499 (0.000)  │
 ·····································|································|·································
 |  Comparators                       ·                 0.084 (0.000)  ·                 0.138 (0.000)  │
 ·····································|································|·································
 |  Create2Deployer                   ·                 0.601 (0.000)  ·                 0.631 (0.000)  │
 ·····································|································|·································
 |  CurrencyDelta                     ·                 0.056 (0.000)  ·                 0.083 (0.000)  │
 ·····································|································|·································
 |  CurrencyLibrary                   ·                 0.108 (0.000)  ·                 0.136 (0.000)  │
 ·····································|································|·································
 |  CurrencyReserves                  ·                 0.056 (0.000)  ·                 0.083 (0.000)  │
 ·····································|································|·································
 |  CurrencySettler                   ·                 0.056 (0.000)  ·                 0.083 (0.000)  │
 ·····································|································|·································
 |  CustomRevert                      ·                 0.056 (0.000)  ·                 0.083 (0.000)  │
 ·····································|································|·································
 |  DECBonusWinEffect                 ·                 1.219 (0.000)  ·                 1.501 (0.000)  │
 ·····································|································|·································
 |  DestroyRewardLib                  ·                 0.913 (0.000)  ·                 0.969 (0.000)  │
 ·····································|································|·································
 |  DroneEnergyCores                  ·                 2.728 (0.000)  ·                 3.340 (0.000)  │
 ·····································|································|·································
 |  DroneNames                        ·                 2.714 (0.000)  ·                 2.744 (0.000)  │
 ·····································|································|·································
 |  DroneStorefront                   ·                 1.361 (0.000)  ·                 1.630 (0.000)  │
 ·····································|································|·································
 |  DroneSwarmResolver                ·                 3.290 (0.000)  ·                 3.604 (0.000)  │
 ·····································|································|·································
 |  DroneYard                         ·                 7.190 (0.000)  ·                 7.639 (0.000)  │
 ·····································|································|·································
 |  ElectricStormResolver             ·                 3.219 (0.000)  ·                 3.532 (0.000)  │
 ·····································|································|·································
 |  EMPResolver                       ·                 2.977 (0.000)  ·                 3.290 (0.000)  │
 ·····································|································|·································
 |  EnumerableSet                     ·                 0.084 (0.000)  ·                 0.138 (0.000)  │
 ·····································|································|·································
 |  ERC721Utils                       ·                 0.084 (0.000)  ·                 0.138 (0.000)  │
 ·····································|································|·································
 |  FactionRewardTokenRegistry        ·                 0.722 (0.000)  ·                 0.878 (0.000)  │
 ·····································|································|·································
 |  FixedPoint128                     ·                 0.056 (0.000)  ·                 0.083 (0.000)  │
 ·····································|································|·································
 |  FixedPoint96                      ·                 0.056 (0.000)  ·                 0.083 (0.000)  │
 ·····································|································|·································
 |  FlakArrayResolver                 ·                 3.600 (0.000)  ·                 3.913 (0.000)  │
 ·····································|································|·································
 |  Fleets                            ·                 7.671 (0.000)  ·                 7.939 (0.000)  │
 ·····································|································|·································
 |  FreeShipClaim                     ·                 1.680 (0.000)  ·                 1.959 (0.000)  │
 ·····································|································|·································
 |  FullMath                          ·                 0.056 (0.000)  ·                 0.083 (0.000)  │
 ·····································|································|·································
 |  Game                              ·                23.276 (0.000)  ·                23.600 (0.000)  │
 ·····································|································|·································
 |  GameBlobRegistry                  ·                 1.670 (0.000)  ·                 1.996 (0.000)  │
 ·····································|································|·································
 |  GameResults                       ·                 2.854 (0.000)  ·                 3.011 (0.000)  │
 ·····································|································|·································
 |  GenerateNewShip                   ·                 4.958 (0.000)  ·                 5.151 (0.000)  │
 ·····································|································|·································
 |  HealAboveFloorWinEffect           ·                 2.925 (0.000)  ·                 3.333 (0.000)  │
 ·····································|································|·································
 |  Hooks                             ·                 0.056 (0.000)  ·                 0.083 (0.000)  │
 ·····································|································|·································
 |  ImageRenderer                     ·                 4.345 (0.000)  ·                 4.655 (0.000)  │
 ·····································|································|·································
 |  ImageRendererV2                   ·                 4.345 (0.000)  ·                 4.655 (0.000)  │
 ·····································|································|·································
 |  ImmutableState                    ·                 0.161 (0.000)  ·                 0.288 (0.000)  │
 ·····································|································|·································
 |  LiquidityMath                     ·                 0.056 (0.000)  ·                 0.083 (0.000)  │
 ·····································|································|·································
 |  Lobbies                           ·                15.216 (0.000)  ·                15.518 (0.000)  │
 ·····································|································|·································
 |  Lock                              ·                 0.056 (0.000)  ·                 0.083 (0.000)  │
 ·····································|································|·································
 |  LPFeeLibrary                      ·                 0.210 (0.000)  ·                 0.238 (0.000)  │
 ·····································|································|·································
 |  Maps                              ·                16.148 (0.000)  ·                16.305 (0.000)  │
 ·····································|································|·································
 |  Math                              ·                 0.084 (0.000)  ·                 0.138 (0.000)  │
 ·····································|································|·································
 |  MockAlwaysEligible                ·                 0.178 (0.000)  ·                 0.206 (0.000)  │
 ·····································|································|·································
 |  MockAlwaysRevertsWinEffect        ·                 0.190 (0.000)  ·                 0.219 (0.000)  │
 ·····································|································|·································
 |  MockFreeShipClaimReentrant        ·                 0.827 (0.000)  ·                 0.857 (0.000)  │
 ·····································|································|·································
 |  MockGameView                      ·                 2.843 (0.000)  ·                 2.873 (0.000)  │
 ·····································|································|·································
 |  MockLobbiesOrchestratorCheck      ·                 0.298 (0.000)  ·                 0.328 (0.000)  │
 ·····································|································|·································
 |  MockOnchainRandomShipNames        ·                 0.328 (0.000)  ·                 0.358 (0.000)  │
 ·····································|································|·································
 |  MockShipAttributesSpecial         ·                 0.469 (0.000)  ·                 0.629 (0.000)  │
 ·····································|································|·································
 |  MockShipNames                     ·                 0.732 (0.000)  ·                 2.381 (0.000)  │
 ·····································|································|·································
 |  MockTutorialGameResults           ·                 0.414 (0.000)  ·                 0.444 (0.000)  │
 ·····································|································|·································
 |  MockTutorialReentrantGameResults  ·                 0.398 (0.000)  ·                 0.429 (0.000)  │
 ·····································|································|·································
 |  MockTutorialShips                 ·                 5.322 (0.000)  ·                 5.357 (0.000)  │
 ·····································|································|·································
 |  MockWorldID                       ·                 0.425 (0.000)  ·                 0.455 (0.000)  │
 ·····································|································|·································
 |  NodeContentRegistry               ·                 3.744 (0.000)  ·                 3.900 (0.000)  │
 ·····································|································|·································
 |  NodeMap                           ·                 6.597 (0.000)  ·                 6.865 (0.000)  │
 ·····································|································|·································
 |  NonzeroDeltaCount                 ·                 0.056 (0.000)  ·                 0.083 (0.000)  │
 ·····································|································|·································
 |  Panic                             ·                 0.084 (0.000)  ·                 0.138 (0.000)  │
 ·····································|································|·································
 |  ParseBytes                        ·                 0.056 (0.000)  ·                 0.083 (0.000)  │
 ·····································|································|·································
 |  Pool                              ·                 0.056 (0.000)  ·                 0.083 (0.000)  │
 ·····································|································|·································
 |  PoolIdLibrary                     ·                 0.056 (0.000)  ·                 0.083 (0.000)  │
 ·····································|································|·································
 |  PoolManager                       ·                16.666 (0.000)  ·                16.847 (0.000)  │
 ·····································|································|·································
 |  PoolModifyLiquidityTest           ·                 4.408 (0.000)  ·                 4.552 (0.000)  │
 ·····································|································|·································
 |  PoolSwapTest                      ·                 4.863 (0.000)  ·                 5.007 (0.000)  │
 ·····································|································|·································
 |  Position                          ·                 0.056 (0.000)  ·                 0.083 (0.000)  │
 ·····································|································|·································
 |  ProtocolFeeLibrary                ·                 0.110 (0.000)  ·                 0.138 (0.000)  │
 ·····································|································|·································
 |  PvPMatch                          ·                 3.506 (0.000)  ·                 3.816 (0.000)  │
 ·····································|································|·································
 |  RamResolver                       ·                 2.655 (0.000)  ·                 2.820 (0.000)  │
 ·····································|································|·································
 |  RandomManager                     ·                 1.962 (0.000)  ·                 1.992 (0.000)  │
 ·····································|································|·································
 |  RenderAft                         ·                 2.578 (0.000)  ·                 3.203 (0.000)  │
 ·····································|································|·································
 |  RenderAft0                        ·                15.295 (0.000)  ·                15.325 (0.000)  │
 ·····································|································|·································
 |  RenderAft0V2                      ·                18.792 (0.000)  ·                18.822 (0.000)  │
 ·····································|································|·································
 |  RenderAft1                        ·                18.762 (0.000)  ·                18.792 (0.000)  │
 ·····································|································|·································
 |  RenderAft1V2                      ·                18.381 (0.000)  ·                18.411 (0.000)  │
 ·····································|································|·································
 |  RenderAft2                        ·                22.879 (0.000)  ·                22.909 (0.000)  │
 ·····································|································|·································
 |  RenderAft2V2                      ·                20.850 (0.000)  ·                20.880 (0.000)  │
 ·····································|································|·································
 |  RenderAftV2                       ·                 2.582 (0.000)  ·                 3.210 (0.000)  │
 ·····································|································|·································
 |  RenderArmor1                      ·                22.042 (0.000)  ·                22.072 (0.000)  │
 ·····································|································|·································
 |  RenderArmor1V2                    ·                16.775 (0.000)  ·                16.806 (0.000)  │
 ·····································|································|·································
 |  RenderArmor2                      ·                20.147 (0.000)  ·                20.178 (0.000)  │
 ·····································|································|·································
 |  RenderArmor2V2                    ·                21.239 (0.000)  ·                21.270 (0.000)  │
 ·····································|································|·································
 |  RenderArmor3                      ·                23.987 (0.000)  ·                24.018 (0.000)  │
 ·····································|································|·································
 |  RenderArmor3V2                    ·                15.499 (0.000)  ·                15.529 (0.000)  │
 ·····································|································|·································
 |  RenderBaseBody                    ·                21.039 (0.000)  ·                21.069 (0.000)  │
 ·····································|································|·································
 |  RenderBaseBodyV2                  ·                23.164 (0.000)  ·                23.194 (0.000)  │
 ·····································|································|·································
 |  RenderBody                        ·                 3.456 (0.000)  ·                 4.366 (0.000)  │
 ·····································|································|·································
 |  RenderBodyV2                      ·                 3.456 (0.000)  ·                 4.369 (0.000)  │
 ·····································|································|·································
 |  RenderFore                        ·                 2.857 (0.000)  ·                 3.553 (0.000)  │
 ·····································|································|·································
 |  RenderFore0                       ·                19.447 (0.000)  ·                19.478 (0.000)  │
 ·····································|································|·································
 |  RenderFore0V2                     ·                16.620 (0.000)  ·                16.650 (0.000)  │
 ·····································|································|·································
 |  RenderFore1                       ·                21.172 (0.000)  ·                21.202 (0.000)  │
 ·····································|································|·································
 |  RenderFore1V2                     ·                23.190 (0.000)  ·                23.221 (0.000)  │
 ·····································|································|·································
 |  RenderFore2                       ·                15.288 (0.000)  ·                15.318 (0.000)  │
 ·····································|································|·································
 |  RenderFore2V2                     ·                20.145 (0.000)  ·                20.175 (0.000)  │
 ·····································|································|·································
 |  RenderForePerfect                 ·                18.375 (0.000)  ·                18.405 (0.000)  │
 ·····································|································|·································
 |  RenderForePerfectV2               ·                20.214 (0.000)  ·                20.244 (0.000)  │
 ·····································|································|·································
 |  RenderForeV2                      ·                 2.861 (0.000)  ·                 3.559 (0.000)  │
 ·····································|································|·································
 |  RenderMetadata                    ·                 7.803 (0.000)  ·                 8.123 (0.000)  │
 ·····································|································|·································
 |  RenderShield1                     ·                22.553 (0.000)  ·                22.583 (0.000)  │
 ·····································|································|·································
 |  RenderShield1V2                   ·                21.202 (0.000)  ·                21.232 (0.000)  │
 ·····································|································|·································
 |  RenderShield2                     ·                20.066 (0.000)  ·                20.097 (0.000)  │
 ·····································|································|·································
 |  RenderShield2V2                   ·                23.441 (0.000)  ·                23.472 (0.000)  │
 ·····································|································|·································
 |  RenderShield3                     ·                23.692 (0.000)  ·                23.723 (0.000)  │
 ·····································|································|·································
 |  RenderShield3V2                   ·                20.759 (0.000)  ·                20.789 (0.000)  │
 ·····································|································|·································
 |  RenderSpecial                     ·                 2.734 (0.000)  ·                 3.364 (0.000)  │
 ·····································|································|·································
 |  RenderSpecial1                    ·                23.125 (0.000)  ·                23.155 (0.000)  │
 ·····································|································|·································
 |  RenderSpecial1V2                  ·                21.225 (0.000)  ·                21.255 (0.000)  │
 ·····································|································|·································
 |  RenderSpecial2                    ·                14.726 (0.000)  ·                14.756 (0.000)  │
 ·····································|································|·································
 |  RenderSpecial2V2                  ·                20.031 (0.000)  ·                20.062 (0.000)  │
 ·····································|································|·································
 |  RenderSpecial3                    ·                23.728 (0.000)  ·                23.758 (0.000)  │
 ·····································|································|·································
 |  RenderSpecial3V2                  ·                11.027 (0.000)  ·                11.058 (0.000)  │
 ·····································|································|·································
 |  RenderSpecialV2                   ·                 2.734 (0.000)  ·                 3.366 (0.000)  │
 ·····································|································|·································
 |  RenderWeapon                      ·                 2.822 (0.000)  ·                 3.520 (0.000)  │
 ·····································|································|·································
 |  RenderWeapon1                     ·                 8.586 (0.000)  ·                 8.616 (0.000)  │
 ·····································|································|·································
 |  RenderWeapon1V2                   ·                11.931 (0.000)  ·                11.961 (0.000)  │
 ·····································|································|·································
 |  RenderWeapon2                     ·                10.251 (0.000)  ·                10.281 (0.000)  │
 ·····································|································|·································
 |  RenderWeapon2V2                   ·                 9.061 (0.000)  ·                 9.091 (0.000)  │
 ·····································|································|·································
 |  RenderWeapon3                     ·                21.030 (0.000)  ·                21.061 (0.000)  │
 ·····································|································|·································
 |  RenderWeapon3V2                   ·                 8.299 (0.000)  ·                 8.329 (0.000)  │
 ·····································|································|·································
 |  RenderWeapon4                     ·                16.494 (0.000)  ·                16.524 (0.000)  │
 ·····································|································|·································
 |  RenderWeapon4V2                   ·                10.179 (0.000)  ·                10.209 (0.000)  │
 ·····································|································|·································
 |  RenderWeaponV2                    ·                 2.826 (0.000)  ·                 3.525 (0.000)  │
 ·····································|································|·································
 |  RepairDronesResolver              ·                 2.941 (0.000)  ·                 3.255 (0.000)  │
 ·····································|································|·································
 |  RepairResolver                    ·                 2.066 (0.000)  ·                 2.233 (0.000)  │
 ·····································|································|·································
 |  RoguelikeMatch                    ·                21.479 (0.000)  ·                22.046 (0.000)  │
 ·····································|································|·································
 |  RoguelikeNodeMap                  ·                 6.845 (0.000)  ·                 7.113 (0.000)  │
 ·····································|································|·································
 |  RoguelikeResupply                 ·                 8.007 (0.000)  ·                 8.444 (0.000)  │
 ·····································|································|·································
 |  RoguelikeRun                      ·                 3.611 (0.000)  ·                 3.768 (0.000)  │
 ·····································|································|·································
 |  SafeCast                          ·                 0.056 (0.000)  ·                 0.083 (0.000)  │
 ·····································|································|·································
 |  SafeCast                          ·                 0.084 (0.000)  ·                 0.138 (0.000)  │
 ·····································|································|·································
 |  SelfieCheckEligibilityProvider    ·                 1.439 (0.000)  ·                 1.699 (0.000)  │
 ·····································|································|·································
 |  ShatteredHiveMedal                ·                 6.010 (0.000)  ·                 6.765 (0.000)  │
 ·····································|································|·································
 |  ShatteredHiveMedalArt             ·                 9.729 (0.000)  ·                 9.760 (0.000)  │
 ·····································|································|·································
 |  ShipAttributes                    ·                15.981 (0.000)  ·                16.250 (0.000)  │
 ·····································|································|·································
 |  ShipGrantWinEffect                ·                 1.400 (0.000)  ·                 1.763 (0.000)  │
 ·····································|································|·································
 |  ShipPurchaser                     ·                 5.257 (0.000)  ·                 6.309 (0.000)  │
 ·····································|································|·································
 |  Ships                             ·                23.986 (0.000)  ·                25.139 (0.000)  │
 ·····································|································|·································
 |  ShipsRouter                       ·                 6.522 (0.000)  ·                 7.037 (0.000)  │
 ·····································|································|·································
 |  SignedMath                        ·                 0.084 (0.000)  ·                 0.138 (0.000)  │
 ·····································|································|·································
 |  SinglePlayerMatch                 ·                14.896 (0.000)  ·                15.366 (0.000)  │
 ·····································|································|·································
 |  SinglePlayerOrchestratorRegistry  ·                 0.788 (0.000)  ·                 0.944 (0.000)  │
 ·····································|································|·································
 |  Slot0Library                      ·                 0.056 (0.000)  ·                 0.083 (0.000)  │
 ·····································|································|·································
 |  SlotDerivation                    ·                 0.084 (0.000)  ·                 0.138 (0.000)  │
 ·····································|································|·································
 |  SpecialEffectsLib                 ·                 5.321 (0.000)  ·                 5.377 (0.000)  │
 ·····································|································|·································
 |  SqrtPriceMath                     ·                 0.056 (0.000)  ·                 0.083 (0.000)  │
 ·····································|································|·································
 |  StateLibrary                      ·                 0.263 (0.000)  ·                 0.292 (0.000)  │
 ·····································|································|·································
 |  StorageSlot                       ·                 0.084 (0.000)  ·                 0.138 (0.000)  │
 ·····································|································|·································
 |  Strings                           ·                 0.084 (0.000)  ·                 0.138 (0.000)  │
 ·····································|································|·································
 |  SwapMath                          ·                 0.056 (0.000)  ·                 0.083 (0.000)  │
 ·····································|································|·································
 |  TickBitmap                        ·                 0.056 (0.000)  ·                 0.083 (0.000)  │
 ·····································|································|·································
 |  TickMath                          ·                 0.056 (0.000)  ·                 0.083 (0.000)  │
 ·····································|································|·································
 |  Tournament                        ·                16.644 (0.000)  ·                17.144 (0.000)  │
 ·····································|································|·································
 |  TransientStateLibrary             ·                 0.056 (0.000)  ·                 0.083 (0.000)  │
 ·····································|································|·································
 |  TutorialClaim                     ·                 3.446 (0.000)  ·                 3.834 (0.000)  │
 ·····································|································|·································
 |  UniversalCredits                  ·                 2.911 (0.000)  ·                 3.534 (0.000)  │
 ·····································|································|·································
 |  UnsafeMath                        ·                 0.056 (0.000)  ·                 0.083 (0.000)  │
 ·····································|································|·································
 |  UTCLotteryHook                    ·                11.793 (0.000)  ·                13.160 (0.000)  │
 ·····································|································|·································
 |  Variant1AI                        ·                13.240 (0.000)  ·                13.551 (0.000)  │
 ·····································|································|·································
 |  Variant2AI                        ·                14.199 (0.000)  ·                14.510 (0.000)  │
 ·····································|································|·································
 |  VariantPurchaseGate               ·                 0.958 (0.000)  ·                 1.114 (0.000)  │
 ·------------------------------------|--------------------------------|--------------------------------·
[DeployAndConfig] Using cached ETH/USD price: $2674.93 (fetched within the last 24h)
Hardhat Ignition starting for [ DeployModule ]...[2K[1GHardhat Ignition 🚀

Resuming existing deployment from ./ignition/deployments/chain-84532

Deploying [ DeployModule ]

Batch #1
  Executing DeployModule#AddRoguelikeEdge15...
  Executing DeployModule#TransferAIBehaviorRegistryOwnership...

[4A[0JBatch #1
  Executed DeployModule#AddRoguelikeEdge15
  Executing DeployModule#TransferAIBehaviorRegistryOwnership...

[4A[0JBatch #1
  Executed DeployModule#AddRoguelikeEdge15
  Executed DeployModule#TransferAIBehaviorRegistryOwnership

[4A[0JBatch #1
  Executed DeployModule#AddRoguelikeEdge15
  Executed DeployModule#TransferAIBehaviorRegistryOwnership

Batch #2
  Executing DeployModule#AddRoguelikeEdge16...

[3A[0JBatch #2
  Executing DeployModule#AddRoguelikeEdge16...

[3A[0JBatch #2
  Executed DeployModule#AddRoguelikeEdge16

[3A[0JBatch #2
  Executed DeployModule#AddRoguelikeEdge16

Batch #3
  Executing DeployModule#AddRoguelikeEdge17...

[3A[0JBatch #3
  Executing DeployModule#AddRoguelikeEdge17...

[3A[0JBatch #3
  Executed DeployModule#AddRoguelikeEdge17

[3A[0JBatch #3
  Executed DeployModule#AddRoguelikeEdge17

Batch #4
  Executing DeployModule#AddRoguelikeEdge18...

[3A[0JBatch #4
  Executing DeployModule#AddRoguelikeEdge18...

[3A[0JBatch #4
  Executed DeployModule#AddRoguelikeEdge18

[3A[0JBatch #4
  Executed DeployModule#AddRoguelikeEdge18

Batch #5
  Executing DeployModule#AddRoguelikeEdge19...

[3A[0JBatch #5
  Executing DeployModule#AddRoguelikeEdge19...

[3A[0JBatch #5
  Executed DeployModule#AddRoguelikeEdge19

[3A[0JBatch #5
  Executed DeployModule#AddRoguelikeEdge19

Batch #6
  Executing DeployModule#AddRoguelikeEdge20...

[3A[0JBatch #6
  Executing DeployModule#AddRoguelikeEdge20...

[3A[0JBatch #6
  Executed DeployModule#AddRoguelikeEdge20

[3A[0JBatch #6
  Executed DeployModule#AddRoguelikeEdge20

Batch #7
  Executing DeployModule#AddRoguelikeEdge21...

[3A[0JBatch #7
  Executing DeployModule#AddRoguelikeEdge21...

[3A[0JBatch #7
  Executed DeployModule#AddRoguelikeEdge21

[3A[0JBatch #7
  Executed DeployModule#AddRoguelikeEdge21

Batch #8
  Executing DeployModule#AddRoguelikeEdge22...

[3A[0JBatch #8
  Executing DeployModule#AddRoguelikeEdge22...

[3A[0JBatch #8
  Executed DeployModule#AddRoguelikeEdge22

[3A[0JBatch #8
  Executed DeployModule#AddRoguelikeEdge22

Batch #9
  Executing DeployModule#AddRoguelikeEdge23...

[3A[0JBatch #9
  Executing DeployModule#AddRoguelikeEdge23...

[3A[0JBatch #9
  Executed DeployModule#AddRoguelikeEdge23

[3A[0JBatch #9
  Executed DeployModule#AddRoguelikeEdge23

Batch #10
  Executing DeployModule#AddRoguelikeEdge24...

[3A[0JBatch #10
  Executing DeployModule#AddRoguelikeEdge24...

[3A[0JBatch #10
  Executed DeployModule#AddRoguelikeEdge24

[3A[0JBatch #10
  Executed DeployModule#AddRoguelikeEdge24

Batch #11
  Executing DeployModule#AddRoguelikeEdge25...

[3A[0JBatch #11
  Executing DeployModule#AddRoguelikeEdge25...

[3A[0JBatch #11
  Executed DeployModule#AddRoguelikeEdge25

[3A[0JBatch #11
  Executed DeployModule#AddRoguelikeEdge25

Batch #12
  Executing DeployModule#AddRoguelikeEdge26...

[3A[0JBatch #12
  Executing DeployModule#AddRoguelikeEdge26...

[3A[0JBatch #12
  Executed DeployModule#AddRoguelikeEdge26

[3A[0JBatch #12
  Executed DeployModule#AddRoguelikeEdge26

Batch #13
  Executing DeployModule#AddRoguelikeEdge27...

[3A[0JBatch #13
  Executing DeployModule#AddRoguelikeEdge27...

[3A[0JBatch #13
  Executed DeployModule#AddRoguelikeEdge27

[3A[0JBatch #13
  Executed DeployModule#AddRoguelikeEdge27

Batch #14
  Executing DeployModule#AddRoguelikeEdge28...

[3A[0JBatch #14
  Executing DeployModule#AddRoguelikeEdge28...

[3A[0JBatch #14
  Executed DeployModule#AddRoguelikeEdge28

[3A[0JBatch #14
  Executed DeployModule#AddRoguelikeEdge28

Batch #15
  Executing DeployModule#AddRoguelikeEdge29...

[3A[0JBatch #15
  Executing DeployModule#AddRoguelikeEdge29...

[3A[0JBatch #15
  Executed DeployModule#AddRoguelikeEdge29

[3A[0JBatch #15
  Executed DeployModule#AddRoguelikeEdge29

Batch #16
  Executing DeployModule#AddRoguelikeEdge30...

[3A[0JBatch #16
  Executing DeployModule#AddRoguelikeEdge30...

[3A[0JBatch #16
  Executed DeployModule#AddRoguelikeEdge30

[3A[0JBatch #16
  Executed DeployModule#AddRoguelikeEdge30

Batch #17
  Executing DeployModule#AddRoguelikeEdge31...

[3A[0JBatch #17
  Executing DeployModule#AddRoguelikeEdge31...

[3A[0JBatch #17
  Executed DeployModule#AddRoguelikeEdge31

[3A[0JBatch #17
  Executed DeployModule#AddRoguelikeEdge31

Batch #18
  Executing DeployModule#AddRoguelikeEdge32...

[3A[0JBatch #18
  Executing DeployModule#AddRoguelikeEdge32...

[3A[0JBatch #18
  Executed DeployModule#AddRoguelikeEdge32

[3A[0JBatch #18
  Executed DeployModule#AddRoguelikeEdge32

Batch #19
  Executing DeployModule#AddRoguelikeEdge33...

[3A[0JBatch #19
  Executing DeployModule#AddRoguelikeEdge33...

[3A[0JBatch #19
  Executed DeployModule#AddRoguelikeEdge33

[3A[0JBatch #19
  Executed DeployModule#AddRoguelikeEdge33

Batch #20
  Executing DeployModule#AddRoguelikeEdge34...

[3A[0JBatch #20
  Executing DeployModule#AddRoguelikeEdge34...

[3A[0JBatch #20
  Executed DeployModule#AddRoguelikeEdge34

[3A[0JBatch #20
  Executed DeployModule#AddRoguelikeEdge34

Batch #21
  Executing DeployModule#AddRoguelikeEdge35...

[3A[0JBatch #21
  Executing DeployModule#AddRoguelikeEdge35...

[3A[0JBatch #21
  Executed DeployModule#AddRoguelikeEdge35

[3A[0JBatch #21
  Executed DeployModule#AddRoguelikeEdge35

Batch #22
  Executing DeployModule#TransferRoguelikeNodeMapOwnership...

[3A[0JBatch #22
  Executing DeployModule#TransferRoguelikeNodeMapOwnership...

[3A[0JBatch #22
  Executed DeployModule#TransferRoguelikeNodeMapOwnership

[3A[0JBatch #22
  Executed DeployModule#TransferRoguelikeNodeMapOwnership

[ DeployModule ] successfully deployed 🚀

Deployed Addresses

DeployModule#AIBehaviorRegistry - 0xdd40c3D973Be75f64Ad7BA9a403Af29129c3ec92
DeployModule#AIShips - 0x4F0E1D32c86aFC3EB4a7fDe4C729527dbd148Fb9
DeployModule#DestroyRewardLib - 0xe7CbF7808f23048b0E1b5a754FF63b0DE6057Ead
DeployModule#DroneEnergyCores - 0xed7eAB805C53Ea9c191a4654e192436b6D297F2a
DeployModule#DroneNames - 0x1a955949C9F4Fa1813Bee2EA71ea773049c8152B
DeployModule#FactionRewardTokenRegistry - 0x2B3099a896A420Eea24B260a4F7e10034005Da12
DeployModule#GameResults - 0x1a9634e3DCa4981D69999a079391Ed22747Ea37f
DeployModule#Maps - 0xb1496839343Ad9b5e5D44D096cdE983d503cfB10
DeployModule#NodeContentRegistry - 0xD10360D251f1D3bC463eDF3e2728aC7E7Cb0ef9D
DeployModule#RandomManager - 0xd0A85eFc5DCDe94e6A4Ce7c9C181F65377E0DE1d
DeployModule#RenderAft0 - 0x856a9bD8E050182F9750f414ce0e74EFf659Ebc6
DeployModule#RenderAft0V2 - 0x3E28287F2e39f1c6aBfEa4b8aDbC853602bb2547
DeployModule#RenderAft1 - 0x2E8bea3D60fF8178aEb0F41bb2Ca9CD47303201e
DeployModule#RenderAft1V2 - 0x0F73B03113d34FF38E9C6D8f83E6fc5D5529Be4d
DeployModule#RenderAft2 - 0x271B2E0f84003D35C3e426d15311CE3562B99A53
DeployModule#RenderAft2V2 - 0x4179a768b02E609128777359ACcd553d5bd80f7E
DeployModule#RenderArmor1 - 0x1D1B5B22cB72Cc4cEdD9F18c8C6a6066448f5199
DeployModule#RenderArmor1V2 - 0x3032F7eA60428995876E707c9c9Fdc4343b08058
DeployModule#RenderArmor2 - 0xB3d3716C5607E8AfAD666A948138698B3E2F4e56
DeployModule#RenderArmor2V2 - 0x4CA6B48587E2198678839EE7E7d85358e7D8d34B
DeployModule#RenderArmor3 - 0x3605f55B07FF5b4731e7A3Ee57e7751826331464
DeployModule#RenderArmor3V2 - 0x38301f0fAf837b175AdC4b1c34Ff20595ef6A181
DeployModule#RenderBaseBody - 0x8E24A30462f670314467Dd121CA6c4f3b88ced0F
DeployModule#RenderBaseBodyV2 - 0xD2D0Ac23144AE2E344dE1508Aad94e5dD271c6d2
DeployModule#RenderFore0 - 0x1bf241AEB7E64Ccd79B61cF6BF9a1Dd7a73A8B5F
DeployModule#RenderFore0V2 - 0x3A9b1DB56dCC9f57e37839019c1a0d66346E8118
DeployModule#RenderFore1 - 0xBf0224Ddbdff8294975EfD2A7b9d51FD08Fb1D53
DeployModule#RenderFore1V2 - 0x8530c69bE2788839C0788Eb3913df205f6809284
DeployModule#RenderFore2 - 0x650959451B6F0a4654f1707Bd95dd68e21cB7F7E
DeployModule#RenderFore2V2 - 0x3d1677dD120cB8ad5c70a20aD803376a33e7Cc12
DeployModule#RenderForePerfect - 0x252BF4f19506a0d2df0B06123384452e2E7F7871
DeployModule#RenderForePerfectV2 - 0x65f976f66518EcaeE0a7931cAa06AA64c7b5a208
DeployModule#RenderShield1 - 0xf3f77c5ef4Ad5aD2b380b3C7f0C651F4e5f8BEE9
DeployModule#RenderShield1V2 - 0xB93B8d94E82202A07cdE41fcdaD9eD35d377680E
DeployModule#RenderShield2 - 0x7923a412dE58D34453a0C9c681750fB663A53a39
DeployModule#RenderShield2V2 - 0xd89c3CDE6C1d9e1e4bB77dbf7e8cebc1F3b4Bb18
DeployModule#RenderShield3 - 0xAb353c44930Aa077774217517167b26ce49A3309
DeployModule#RenderShield3V2 - 0x35ce01D09258aEB2E63eA5d3E64ca191b61a1Fc6
DeployModule#RenderSpecial1 - 0x6180CfAbd0e216d23F2BD3DAB2b3C4BC7CAC98BB
DeployModule#RenderSpecial1V2 - 0x54DA5156202e2aC0a6C535D01EAC7F80492b711C
DeployModule#RenderSpecial2 - 0xc6989F3E5D6c7F31B93022eafB441958Bb98DfB3
DeployModule#RenderSpecial2V2 - 0x17b6ddbd68302Df230c52A0a9c0532B485743160
DeployModule#RenderSpecial3 - 0xc3CdD1843B904FcA5e8AB24065bFfCc3676A0133
DeployModule#RenderSpecial3V2 - 0xb1e9c6F2d4F37De74998aCA06E0AE1ACDcaeB465
DeployModule#RenderWeapon1 - 0xbC65b574606FA1ee30031550dacEeD566Bc801D6
DeployModule#RenderWeapon1V2 - 0x5589252dfB66c853b26C88b69852ED5dEF30f518
DeployModule#RenderWeapon2 - 0xFB8956eb8d04613315Cffae99163D7F6d9A0eD38
DeployModule#RenderWeapon2V2 - 0xbA414b2ca57aB6e7f930AB03aB030719196Eb834
DeployModule#RenderWeapon3 - 0x7Df88E1b62838F63Bdb044619B7B36fEE17DadF5
DeployModule#RenderWeapon3V2 - 0xaFaCA2e1dC2872CA66aa5d4Fb2c37dB4A2302891
DeployModule#RenderWeapon4 - 0xBc40C72bC1393D32A5D587B92F763b9968A154D4
DeployModule#RenderWeapon4V2 - 0xFA7D6EA9D57C3BF449ca97883652eEd9D6AaCc17
DeployModule#RoguelikeRun - 0xAc9cC5Fd6FbEbb3438A132c2594A21798609786D
DeployModule#SelfieCheckEligibilityProvider - 0x1aEEA6e187838A113071F397bB8F619CF3791a05
DeployModule#ShatteredHiveMedalArt - 0x783d8cd2823028fDcCc831E7E4f07Fc7640aC421
DeployModule#SinglePlayerOrchestratorRegistry - 0x6D3e191F2517d9563c77F191733cde1A9edD9CB6
DeployModule#SpecialEffectsLib - 0xee27f84172a7935A7126cFB90E9898fb79B51685
DeployModule#UniversalCredits - 0x4c663b594bbC7C12363c288c844f4093dFEDE1F6
DeployModule#VariantPurchaseGate - 0x188e01dEd9EB60594f9c6F4Ab054B49b1Aa5E84D
DeployModule#AIEncounters - 0xb1DE1062EeAD87E7A75b01a09496A89ec39E5b68
DeployModule#DECBonusWinEffect - 0x09155dA601df5cfC17fCd5C817f05E74ABE88120
DeployModule#DroneStorefront - 0xE12e35C69e4b18ad07897b5094fF2faA1cCBf8C1
DeployModule#GameBlobRegistry - 0xF7cCcb3B61d332AA483e182EE4E553c992D6b352
DeployModule#GenerateNewShip - 0x011Da2b3970EB1bBA4fA337eCa56507c79649D8C
DeployModule#NodeMap - 0x2b760bcAd85c707D3fdc13C6ABe60822AfBB0CAd
DeployModule#RenderAft - 0x9d379FcaFb82c2CddB190037207039eA58cD10Ee
DeployModule#RenderAftV2 - 0xDa729b721A975705818Ffd03a41E0398e3454bd1
DeployModule#RenderBody - 0xc73d67707B50199652f4d3CF6001De0B5409f5D3
DeployModule#RenderBodyV2 - 0x87370F5f70F00fe387B97b5cEEdA020C44B20129
DeployModule#RenderFore - 0x55A96691683c0E6b3d795e73813CBC65E6EaaB75
DeployModule#RenderForeV2 - 0xb70f8834a0B915d75208eCc7cBBaA5951f74F588
DeployModule#RenderSpecial - 0x3dC11705f0F0897333C87dFb6ca0F7049E2b21B2
DeployModule#RenderSpecialV2 - 0x161342Ef750cEacb7259BF989bfBb626fbF35d97
DeployModule#RenderWeapon - 0x863A2395a38c587C2BC5E5FC742fE9A55d3E97C4
DeployModule#RenderWeaponV2 - 0x05eFbB5287473759D38Fe19155f7B070ef3c48a6
DeployModule#RoguelikeNodeMap - 0x81CeF48945F121eB9Aa421040Ef45267Aa23f4ab
DeployModule#ImageRenderer - 0xC1C7817322D0eFbD997D1Ee01D68068b218F03AC
DeployModule#ImageRendererV2 - 0x4EA14e61f49e0B17Dea328091B275Fb0B5339f35
DeployModule#RenderMetadata - 0xb5a26FA122501D4A1D292d08cA217a11e7Df401B
DeployModule#ShatteredHiveMedal - 0xa70A1EC81905401fA4025CC37d5459aFDFAe562b
DeployModule#Ships - 0x2927B80a2e439d38FDcD43d94cc069E084E45C15
DeployModule#FreeShipClaim - 0x826792fDa50F954c262559622bfc182F63adE4Cd
DeployModule#Lobbies - 0x076c2163e3e7204Ea9ADB91721059998aDeCE2d0
DeployModule#ShipAttributes - 0x36527cfB1B963C8710650e0863feA63aDdEC8BDC
DeployModule#ShipGrantWinEffect - 0x7AE717Fa04227A071aeD8eb29B672390B516d94A
DeployModule#ShipPurchaser - 0x14F16a739fE3238d204EF502AFc69Ee5AA087A51
DeployModule#ShipsRouter - 0x1544b58A323f1d5e3ACA760A5C08caA7d24283bE
DeployModule#TutorialClaim - 0x42e817e4C5df62079e934A9CB5367bD5738e6d09
DeployModule#DroneYard - 0xF4571233De98bb3aA460ECd136463a49e5DE5734
DeployModule#Fleets - 0x21589b076f286BE02Bd35B23F25f47Ee30Fd8ff1
DeployModule#Game - 0xc96C46B32bCB9a7A1C3e58BC3A542434CC7b81a7
DeployModule#HealAboveFloorWinEffect - 0x44Ce498c2cBcc6c55c51F7b77aCf92B023C2Da7E
DeployModule#DroneSwarmResolver - 0x5D012dc9fB1C3Ff1dbF8783D9d99b9A26f43A462
DeployModule#EMPResolver - 0xF9423BdE3DE51193e8883764AE63F669F90d9Af8
DeployModule#ElectricStormResolver - 0x72f3B33f5557303529c0e753789FF7d7458009F7
DeployModule#FlakArrayResolver - 0x0C5C5a5D658eb8A8fcdCC3360a6aBD15e1D9C546
DeployModule#PvPMatch - 0xDf46F8DBe0190bDE6d7FB2a7195736A592679dE7
DeployModule#RamResolver - 0xb6774D01747e2Bb0c5270ce9D138023F7B823b3f
DeployModule#RepairDronesResolver - 0xBB01c6B8c269007F394E8F027dafE7adF5d06315
DeployModule#RepairResolver - 0x9a17250f039cb8C7617B652D9C0786ca56229F73
DeployModule#RoguelikeMatch - 0x5ec9A07e24Fa1EC1E2256e41772BC9509a2459F9
DeployModule#RoguelikeResupply - 0x782Fa164AFE15eE95EE27589Df8e6FCC7e13226E
DeployModule#SinglePlayerMatch - 0x838d37c04a4bE0c43154Ed3a78D020d6EfEEe68E
DeployModule#Tournament - 0x9979323b8948d8CC2f15Aed60a077699B83Cb7A8
DeployModule#Variant1AI - 0xAb187d36235614cBea35484e21fc611368793B24
DeployModule#Variant2AI - 0x9eD78B933b6fD06289cE19137a21Efa104f0F0bC

Verifying deployed contracts

Verifying contract "contracts/AIBehaviorRegistry.sol:AIBehaviorRegistry" for network base-sepolia...
Successfully verified contract "contracts/AIBehaviorRegistry.sol:AIBehaviorRegistry" for network base-sepolia:
  - https://sepolia.basescan.org/address/0xdd40c3D973Be75f64Ad7BA9a403Af29129c3ec92#code

Verifying contract "contracts/AIShips.sol:AIShips" for network base-sepolia...
Contract contracts/AIShips.sol:AIShips already verified on network base-sepolia:
  - https://sepolia.basescan.org/address/0x4F0E1D32c86aFC3EB4a7fDe4C729527dbd148Fb9#code

Verifying contract "contracts/DestroyRewardLib.sol:DestroyRewardLib" for network base-sepolia...
Successfully verified contract "contracts/DestroyRewardLib.sol:DestroyRewardLib" for network base-sepolia:
  - https://sepolia.basescan.org/address/0xe7CbF7808f23048b0E1b5a754FF63b0DE6057Ead#code

Verifying contract "contracts/DroneEnergyCores.sol:DroneEnergyCores" for network base-sepolia...
Contract contracts/DroneEnergyCores.sol:DroneEnergyCores already verified on network base-sepolia:
  - https://sepolia.basescan.org/address/0xed7eAB805C53Ea9c191a4654e192436b6D297F2a#code

Verifying contract "contracts/DroneNames.sol:DroneNames" for network base-sepolia...
Contract contracts/DroneNames.sol:DroneNames already verified on network base-sepolia:
  - https://sepolia.basescan.org/address/0x1a955949C9F4Fa1813Bee2EA71ea773049c8152B#code

Verifying contract "contracts/FactionRewardTokenRegistry.sol:FactionRewardTokenRegistry" for network base-sepolia...
Contract contracts/FactionRewardTokenRegistry.sol:FactionRewardTokenRegistry already verified on network base-sepolia:
  - https://sepolia.basescan.org/address/0x2B3099a896A420Eea24B260a4F7e10034005Da12#code

Verifying contract "contracts/GameResults.sol:GameResults" for network base-sepolia...
Contract contracts/GameResults.sol:GameResults already verified on network base-sepolia:
  - https://sepolia.basescan.org/address/0x1a9634e3DCa4981D69999a079391Ed22747Ea37f#code

Verifying contract "contracts/Maps.sol:Maps" for network base-sepolia...
Successfully verified contract "contracts/Maps.sol:Maps" for network base-sepolia:
  - https://sepolia.basescan.org/address/0xb1496839343Ad9b5e5D44D096cdE983d503cfB10#code

Verifying contract "contracts/NodeContentRegistry.sol:NodeContentRegistry" for network base-sepolia...
Contract contracts/NodeContentRegistry.sol:NodeContentRegistry already verified on network base-sepolia:
  - https://sepolia.basescan.org/address/0xD10360D251f1D3bC463eDF3e2728aC7E7Cb0ef9D#code

Verifying contract "contracts/RandomManager.sol:RandomManager" for network base-sepolia...
Contract contracts/RandomManager.sol:RandomManager already verified on network base-sepolia:
  - https://sepolia.basescan.org/address/0xd0A85eFc5DCDe94e6A4Ce7c9C181F65377E0DE1d#code

Verifying contract "contracts/Renderers/RenderAft0.sol:RenderAft0" for network base-sepolia...
Contract contracts/Renderers/RenderAft0.sol:RenderAft0 already verified on network base-sepolia:
  - https://sepolia.basescan.org/address/0x856a9bD8E050182F9750f414ce0e74EFf659Ebc6#code

Verifying contract "contracts/RenderersV2/RenderAft0V2.sol:RenderAft0V2" for network base-sepolia...
Contract contracts/RenderersV2/RenderAft0V2.sol:RenderAft0V2 already verified on network base-sepolia:
  - https://sepolia.basescan.org/address/0x3E28287F2e39f1c6aBfEa4b8aDbC853602bb2547#code

Verifying contract "contracts/Renderers/RenderAft1.sol:RenderAft1" for network base-sepolia...
Contract contracts/Renderers/RenderAft1.sol:RenderAft1 already verified on network base-sepolia:
  - https://sepolia.basescan.org/address/0x2E8bea3D60fF8178aEb0F41bb2Ca9CD47303201e#code

Verifying contract "contracts/RenderersV2/RenderAft1V2.sol:RenderAft1V2" for network base-sepolia...
Contract contracts/RenderersV2/RenderAft1V2.sol:RenderAft1V2 already verified on network base-sepolia:
  - https://sepolia.basescan.org/address/0x0F73B03113d34FF38E9C6D8f83E6fc5D5529Be4d#code

Verifying contract "contracts/Renderers/RenderAft2.sol:RenderAft2" for network base-sepolia...
Contract contracts/Renderers/RenderAft2.sol:RenderAft2 already verified on network base-sepolia:
  - https://sepolia.basescan.org/address/0x271B2E0f84003D35C3e426d15311CE3562B99A53#code

Verifying contract "contracts/RenderersV2/RenderAft2V2.sol:RenderAft2V2" for network base-sepolia...
Contract contracts/RenderersV2/RenderAft2V2.sol:RenderAft2V2 already verified on network base-sepolia:
  - https://sepolia.basescan.org/address/0x4179a768b02E609128777359ACcd553d5bd80f7E#code

Verifying contract "contracts/Renderers/RenderArmor1.sol:RenderArmor1" for network base-sepolia...
Contract contracts/Renderers/RenderArmor1.sol:RenderArmor1 already verified on network base-sepolia:
  - https://sepolia.basescan.org/address/0x1D1B5B22cB72Cc4cEdD9F18c8C6a6066448f5199#code

Verifying contract "contracts/RenderersV2/RenderArmor1V2.sol:RenderArmor1V2" for network base-sepolia...
Contract contracts/RenderersV2/RenderArmor1V2.sol:RenderArmor1V2 already verified on network base-sepolia:
  - https://sepolia.basescan.org/address/0x3032F7eA60428995876E707c9c9Fdc4343b08058#code

Verifying contract "contracts/Renderers/RenderArmor2.sol:RenderArmor2" for network base-sepolia...
Contract contracts/Renderers/RenderArmor2.sol:RenderArmor2 already verified on network base-sepolia:
  - https://sepolia.basescan.org/address/0xB3d3716C5607E8AfAD666A948138698B3E2F4e56#code

Verifying contract "contracts/RenderersV2/RenderArmor2V2.sol:RenderArmor2V2" for network base-sepolia...
Contract contracts/RenderersV2/RenderArmor2V2.sol:RenderArmor2V2 already verified on network base-sepolia:
  - https://sepolia.basescan.org/address/0x4CA6B48587E2198678839EE7E7d85358e7D8d34B#code

Verifying contract "contracts/Renderers/RenderArmor3.sol:RenderArmor3" for network base-sepolia...
Contract contracts/Renderers/RenderArmor3.sol:RenderArmor3 already verified on network base-sepolia:
  - https://sepolia.basescan.org/address/0x3605f55B07FF5b4731e7A3Ee57e7751826331464#code

Verifying contract "contracts/RenderersV2/RenderArmor3V2.sol:RenderArmor3V2" for network base-sepolia...
Contract contracts/RenderersV2/RenderArmor3V2.sol:RenderArmor3V2 already verified on network base-sepolia:
  - https://sepolia.basescan.org/address/0x38301f0fAf837b175AdC4b1c34Ff20595ef6A181#code

Verifying contract "contracts/Renderers/RenderBaseBody.sol:RenderBaseBody" for network base-sepolia...
Contract contracts/Renderers/RenderBaseBody.sol:RenderBaseBody already verified on network base-sepolia:
  - https://sepolia.basescan.org/address/0x8E24A30462f670314467Dd121CA6c4f3b88ced0F#code

Verifying contract "contracts/RenderersV2/RenderBaseBodyV2.sol:RenderBaseBodyV2" for network base-sepolia...
Contract contracts/RenderersV2/RenderBaseBodyV2.sol:RenderBaseBodyV2 already verified on network base-sepolia:
  - https://sepolia.basescan.org/address/0xD2D0Ac23144AE2E344dE1508Aad94e5dD271c6d2#code

Verifying contract "contracts/Renderers/RenderFore0.sol:RenderFore0" for network base-sepolia...
Contract contracts/Renderers/RenderFore0.sol:RenderFore0 already verified on network base-sepolia:
  - https://sepolia.basescan.org/address/0x1bf241AEB7E64Ccd79B61cF6BF9a1Dd7a73A8B5F#code

Verifying contract "contracts/RenderersV2/RenderFore0V2.sol:RenderFore0V2" for network base-sepolia...
Contract contracts/RenderersV2/RenderFore0V2.sol:RenderFore0V2 already verified on network base-sepolia:
  - https://sepolia.basescan.org/address/0x3A9b1DB56dCC9f57e37839019c1a0d66346E8118#code

Verifying contract "contracts/Renderers/RenderFore1.sol:RenderFore1" for network base-sepolia...
Contract contracts/Renderers/RenderFore1.sol:RenderFore1 already verified on network base-sepolia:
  - https://sepolia.basescan.org/address/0xBf0224Ddbdff8294975EfD2A7b9d51FD08Fb1D53#code

Verifying contract "contracts/RenderersV2/RenderFore1V2.sol:RenderFore1V2" for network base-sepolia...
Contract contracts/RenderersV2/RenderFore1V2.sol:RenderFore1V2 already verified on network base-sepolia:
  - https://sepolia.basescan.org/address/0x8530c69bE2788839C0788Eb3913df205f6809284#code

Verifying contract "contracts/Renderers/RenderFore2.sol:RenderFore2" for network base-sepolia...
Contract contracts/Renderers/RenderFore2.sol:RenderFore2 already verified on network base-sepolia:
  - https://sepolia.basescan.org/address/0x650959451B6F0a4654f1707Bd95dd68e21cB7F7E#code

Verifying contract "contracts/RenderersV2/RenderFore2V2.sol:RenderFore2V2" for network base-sepolia...
Contract contracts/RenderersV2/RenderFore2V2.sol:RenderFore2V2 already verified on network base-sepolia:
  - https://sepolia.basescan.org/address/0x3d1677dD120cB8ad5c70a20aD803376a33e7Cc12#code

Verifying contract "contracts/Renderers/RenderForePerfect.sol:RenderForePerfect" for network base-sepolia...
Contract contracts/Renderers/RenderForePerfect.sol:RenderForePerfect already verified on network base-sepolia:
  - https://sepolia.basescan.org/address/0x252BF4f19506a0d2df0B06123384452e2E7F7871#code

Verifying contract "contracts/RenderersV2/RenderForePerfectV2.sol:RenderForePerfectV2" for network base-sepolia...
Contract contracts/RenderersV2/RenderForePerfectV2.sol:RenderForePerfectV2 already verified on network base-sepolia:
  - https://sepolia.basescan.org/address/0x65f976f66518EcaeE0a7931cAa06AA64c7b5a208#code

Verifying contract "contracts/Renderers/RenderShield1.sol:RenderShield1" for network base-sepolia...
Contract contracts/Renderers/RenderShield1.sol:RenderShield1 already verified on network base-sepolia:
  - https://sepolia.basescan.org/address/0xf3f77c5ef4Ad5aD2b380b3C7f0C651F4e5f8BEE9#code

Verifying contract "contracts/RenderersV2/RenderShield1V2.sol:RenderShield1V2" for network base-sepolia...
Contract contracts/RenderersV2/RenderShield1V2.sol:RenderShield1V2 already verified on network base-sepolia:
  - https://sepolia.basescan.org/address/0xB93B8d94E82202A07cdE41fcdaD9eD35d377680E#code

Verifying contract "contracts/Renderers/RenderShield2.sol:RenderShield2" for network base-sepolia...
Contract contracts/Renderers/RenderShield2.sol:RenderShield2 already verified on network base-sepolia:
  - https://sepolia.basescan.org/address/0x7923a412dE58D34453a0C9c681750fB663A53a39#code

Verifying contract "contracts/RenderersV2/RenderShield2V2.sol:RenderShield2V2" for network base-sepolia...
Contract contracts/RenderersV2/RenderShield2V2.sol:RenderShield2V2 already verified on network base-sepolia:
  - https://sepolia.basescan.org/address/0xd89c3CDE6C1d9e1e4bB77dbf7e8cebc1F3b4Bb18#code

Verifying contract "contracts/Renderers/RenderShield3.sol:RenderShield3" for network base-sepolia...
Contract contracts/Renderers/RenderShield3.sol:RenderShield3 already verified on network base-sepolia:
  - https://sepolia.basescan.org/address/0xAb353c44930Aa077774217517167b26ce49A3309#code

Verifying contract "contracts/RenderersV2/RenderShield3V2.sol:RenderShield3V2" for network base-sepolia...
Contract contracts/RenderersV2/RenderShield3V2.sol:RenderShield3V2 already verified on network base-sepolia:
  - https://sepolia.basescan.org/address/0x35ce01D09258aEB2E63eA5d3E64ca191b61a1Fc6#code

Verifying contract "contracts/Renderers/RenderSpecial1.sol:RenderSpecial1" for network base-sepolia...
Contract contracts/Renderers/RenderSpecial1.sol:RenderSpecial1 already verified on network base-sepolia:
  - https://sepolia.basescan.org/address/0x6180CfAbd0e216d23F2BD3DAB2b3C4BC7CAC98BB#code

Verifying contract "contracts/RenderersV2/RenderSpecial1V2.sol:RenderSpecial1V2" for network base-sepolia...
Contract contracts/RenderersV2/RenderSpecial1V2.sol:RenderSpecial1V2 already verified on network base-sepolia:
  - https://sepolia.basescan.org/address/0x54DA5156202e2aC0a6C535D01EAC7F80492b711C#code

Verifying contract "contracts/Renderers/RenderSpecial2.sol:RenderSpecial2" for network base-sepolia...
Contract contracts/Renderers/RenderSpecial2.sol:RenderSpecial2 already verified on network base-sepolia:
  - https://sepolia.basescan.org/address/0xc6989F3E5D6c7F31B93022eafB441958Bb98DfB3#code

Verifying contract "contracts/RenderersV2/RenderSpecial2V2.sol:RenderSpecial2V2" for network base-sepolia...
Contract contracts/RenderersV2/RenderSpecial2V2.sol:RenderSpecial2V2 already verified on network base-sepolia:
  - https://sepolia.basescan.org/address/0x17b6ddbd68302Df230c52A0a9c0532B485743160#code

Verifying contract "contracts/Renderers/RenderSpecial3.sol:RenderSpecial3" for network base-sepolia...
Contract contracts/Renderers/RenderSpecial3.sol:RenderSpecial3 already verified on network base-sepolia:
  - https://sepolia.basescan.org/address/0xc3CdD1843B904FcA5e8AB24065bFfCc3676A0133#code

Verifying contract "contracts/RenderersV2/RenderSpecial3V2.sol:RenderSpecial3V2" for network base-sepolia...
Contract contracts/RenderersV2/RenderSpecial3V2.sol:RenderSpecial3V2 already verified on network base-sepolia:
  - https://sepolia.basescan.org/address/0xb1e9c6F2d4F37De74998aCA06E0AE1ACDcaeB465#code

Verifying contract "contracts/Renderers/RenderWeapon1.sol:RenderWeapon1" for network base-sepolia...
Contract contracts/Renderers/RenderWeapon1.sol:RenderWeapon1 already verified on network base-sepolia:
  - https://sepolia.basescan.org/address/0xbC65b574606FA1ee30031550dacEeD566Bc801D6#code

Verifying contract "contracts/RenderersV2/RenderWeapon1V2.sol:RenderWeapon1V2" for network base-sepolia...
Contract contracts/RenderersV2/RenderWeapon1V2.sol:RenderWeapon1V2 already verified on network base-sepolia:
  - https://sepolia.basescan.org/address/0x5589252dfB66c853b26C88b69852ED5dEF30f518#code

Verifying contract "contracts/Renderers/RenderWeapon2.sol:RenderWeapon2" for network base-sepolia...
Contract contracts/Renderers/RenderWeapon2.sol:RenderWeapon2 already verified on network base-sepolia:
  - https://sepolia.basescan.org/address/0xFB8956eb8d04613315Cffae99163D7F6d9A0eD38#code

Verifying contract "contracts/RenderersV2/RenderWeapon2V2.sol:RenderWeapon2V2" for network base-sepolia...
Contract contracts/RenderersV2/RenderWeapon2V2.sol:RenderWeapon2V2 already verified on network base-sepolia:
  - https://sepolia.basescan.org/address/0xbA414b2ca57aB6e7f930AB03aB030719196Eb834#code

Verifying contract "contracts/Renderers/RenderWeapon3.sol:RenderWeapon3" for network base-sepolia...
Contract contracts/Renderers/RenderWeapon3.sol:RenderWeapon3 already verified on network base-sepolia:
  - https://sepolia.basescan.org/address/0x7Df88E1b62838F63Bdb044619B7B36fEE17DadF5#code

Verifying contract "contracts/RenderersV2/RenderWeapon3V2.sol:RenderWeapon3V2" for network base-sepolia...
Contract contracts/RenderersV2/RenderWeapon3V2.sol:RenderWeapon3V2 already verified on network base-sepolia:
  - https://sepolia.basescan.org/address/0xaFaCA2e1dC2872CA66aa5d4Fb2c37dB4A2302891#code

Verifying contract "contracts/Renderers/RenderWeapon4.sol:RenderWeapon4" for network base-sepolia...
Contract contracts/Renderers/RenderWeapon4.sol:RenderWeapon4 already verified on network base-sepolia:
  - https://sepolia.basescan.org/address/0xBc40C72bC1393D32A5D587B92F763b9968A154D4#code

Verifying contract "contracts/RenderersV2/RenderWeapon4V2.sol:RenderWeapon4V2" for network base-sepolia...
Contract contracts/RenderersV2/RenderWeapon4V2.sol:RenderWeapon4V2 already verified on network base-sepolia:
  - https://sepolia.basescan.org/address/0xFA7D6EA9D57C3BF449ca97883652eEd9D6AaCc17#code

Verifying contract "contracts/RoguelikeRun.sol:RoguelikeRun" for network base-sepolia...
Contract contracts/RoguelikeRun.sol:RoguelikeRun already verified on network base-sepolia:
  - https://sepolia.basescan.org/address/0xAc9cC5Fd6FbEbb3438A132c2594A21798609786D#code

Verifying contract "contracts/SelfieCheckEligibilityProvider.sol:SelfieCheckEligibilityProvider" for network base-sepolia...
Contract contracts/SelfieCheckEligibilityProvider.sol:SelfieCheckEligibilityProvider already verified on network base-sepolia:
  - https://sepolia.basescan.org/address/0x1aEEA6e187838A113071F397bB8F619CF3791a05#code

Verifying contract "contracts/ShatteredHiveMedalArt.sol:ShatteredHiveMedalArt" for network base-sepolia...
Contract contracts/ShatteredHiveMedalArt.sol:ShatteredHiveMedalArt already verified on network base-sepolia:
  - https://sepolia.basescan.org/address/0x783d8cd2823028fDcCc831E7E4f07Fc7640aC421#code

Verifying contract "contracts/SinglePlayerOrchestratorRegistry.sol:SinglePlayerOrchestratorRegistry" for network base-sepolia...
Contract contracts/SinglePlayerOrchestratorRegistry.sol:SinglePlayerOrchestratorRegistry already verified on network base-sepolia:
  - https://sepolia.basescan.org/address/0x6D3e191F2517d9563c77F191733cde1A9edD9CB6#code

Verifying contract "contracts/SpecialEffectsLib.sol:SpecialEffectsLib" for network base-sepolia...
Successfully verified contract "contracts/SpecialEffectsLib.sol:SpecialEffectsLib" for network base-sepolia:
  - https://sepolia.basescan.org/address/0xee27f84172a7935A7126cFB90E9898fb79B51685#code

Verifying contract "contracts/UniversalCredits.sol:UniversalCredits" for network base-sepolia...
Contract contracts/UniversalCredits.sol:UniversalCredits already verified on network base-sepolia:
  - https://sepolia.basescan.org/address/0x4c663b594bbC7C12363c288c844f4093dFEDE1F6#code

Verifying contract "contracts/VariantPurchaseGate.sol:VariantPurchaseGate" for network base-sepolia...
Contract contracts/VariantPurchaseGate.sol:VariantPurchaseGate already verified on network base-sepolia:
  - https://sepolia.basescan.org/address/0x188e01dEd9EB60594f9c6F4Ab054B49b1Aa5E84D#code

Verifying contract "contracts/AIEncounters.sol:AIEncounters" for network base-sepolia...
Successfully verified contract "contracts/AIEncounters.sol:AIEncounters" for network base-sepolia:
  - https://sepolia.basescan.org/address/0xb1DE1062EeAD87E7A75b01a09496A89ec39E5b68#code

Verifying contract "contracts/DECBonusWinEffect.sol:DECBonusWinEffect" for network base-sepolia...
Contract contracts/DECBonusWinEffect.sol:DECBonusWinEffect already verified on network base-sepolia:
  - https://sepolia.basescan.org/address/0x09155dA601df5cfC17fCd5C817f05E74ABE88120#code

Verifying contract "contracts/DroneStorefront.sol:DroneStorefront" for network base-sepolia...
Contract contracts/DroneStorefront.sol:DroneStorefront already verified on network base-sepolia:
  - https://sepolia.basescan.org/address/0xE12e35C69e4b18ad07897b5094fF2faA1cCBf8C1#code

Verifying contract "contracts/GameBlobRegistry.sol:GameBlobRegistry" for network base-sepolia...
Successfully verified contract "contracts/GameBlobRegistry.sol:GameBlobRegistry" for network base-sepolia:
  - https://sepolia.basescan.org/address/0xF7cCcb3B61d332AA483e182EE4E553c992D6b352#code

Verifying contract "contracts/GenerateNewShip.sol:GenerateNewShip" for network base-sepolia...
Successfully verified contract "contracts/GenerateNewShip.sol:GenerateNewShip" for network base-sepolia:
  - https://sepolia.basescan.org/address/0x011Da2b3970EB1bBA4fA337eCa56507c79649D8C#code

Verifying contract "contracts/NodeMap.sol:NodeMap" for network base-sepolia...
Successfully verified contract "contracts/NodeMap.sol:NodeMap" for network base-sepolia:
  - https://sepolia.basescan.org/address/0x2b760bcAd85c707D3fdc13C6ABe60822AfBB0CAd#code

Verifying contract "contracts/Renderers/RenderAft.sol:RenderAft" for network base-sepolia...
Successfully verified contract "contracts/Renderers/RenderAft.sol:RenderAft" for network base-sepolia:
  - https://sepolia.basescan.org/address/0x9d379FcaFb82c2CddB190037207039eA58cD10Ee#code

Verifying contract "contracts/RenderersV2/RenderAftV2.sol:RenderAftV2" for network base-sepolia...
Successfully verified contract "contracts/RenderersV2/RenderAftV2.sol:RenderAftV2" for network base-sepolia:
  - https://sepolia.basescan.org/address/0xDa729b721A975705818Ffd03a41E0398e3454bd1#code

Verifying contract "contracts/Renderers/RenderBody.sol:RenderBody" for network base-sepolia...
Successfully verified contract "contracts/Renderers/RenderBody.sol:RenderBody" for network base-sepolia:
  - https://sepolia.basescan.org/address/0xc73d67707B50199652f4d3CF6001De0B5409f5D3#code

Verifying contract "contracts/RenderersV2/RenderBodyV2.sol:RenderBodyV2" for network base-sepolia...
Successfully verified contract "contracts/RenderersV2/RenderBodyV2.sol:RenderBodyV2" for network base-sepolia:
  - https://sepolia.basescan.org/address/0x87370F5f70F00fe387B97b5cEEdA020C44B20129#code

Verifying contract "contracts/Renderers/RenderFore.sol:RenderFore" for network base-sepolia...
Successfully verified contract "contracts/Renderers/RenderFore.sol:RenderFore" for network base-sepolia:
  - https://sepolia.basescan.org/address/0x55A96691683c0E6b3d795e73813CBC65E6EaaB75#code

Verifying contract "contracts/RenderersV2/RenderForeV2.sol:RenderForeV2" for network base-sepolia...
Successfully verified contract "contracts/RenderersV2/RenderForeV2.sol:RenderForeV2" for network base-sepolia:
  - https://sepolia.basescan.org/address/0xb70f8834a0B915d75208eCc7cBBaA5951f74F588#code

Verifying contract "contracts/Renderers/RenderSpecial.sol:RenderSpecial" for network base-sepolia...
Successfully verified contract "contracts/Renderers/RenderSpecial.sol:RenderSpecial" for network base-sepolia:
  - https://sepolia.basescan.org/address/0x3dC11705f0F0897333C87dFb6ca0F7049E2b21B2#code

Verifying contract "contracts/RenderersV2/RenderSpecialV2.sol:RenderSpecialV2" for network base-sepolia...
Successfully verified contract "contracts/RenderersV2/RenderSpecialV2.sol:RenderSpecialV2" for network base-sepolia:
  - https://sepolia.basescan.org/address/0x161342Ef750cEacb7259BF989bfBb626fbF35d97#code

Verifying contract "contracts/Renderers/RenderWeapon.sol:RenderWeapon" for network base-sepolia...
Successfully verified contract "contracts/Renderers/RenderWeapon.sol:RenderWeapon" for network base-sepolia:
  - https://sepolia.basescan.org/address/0x863A2395a38c587C2BC5E5FC742fE9A55d3E97C4#code

Verifying contract "contracts/RenderersV2/RenderWeaponV2.sol:RenderWeaponV2" for network base-sepolia...
Successfully verified contract "contracts/RenderersV2/RenderWeaponV2.sol:RenderWeaponV2" for network base-sepolia:
  - https://sepolia.basescan.org/address/0x05eFbB5287473759D38Fe19155f7B070ef3c48a6#code

Verifying contract "contracts/RoguelikeNodeMap.sol:RoguelikeNodeMap" for network base-sepolia...
Successfully verified contract "contracts/RoguelikeNodeMap.sol:RoguelikeNodeMap" for network base-sepolia:
  - https://sepolia.basescan.org/address/0x81CeF48945F121eB9Aa421040Ef45267Aa23f4ab#code

Verifying contract "contracts/ImageRenderer.sol:ImageRenderer" for network base-sepolia...
Successfully verified contract "contracts/ImageRenderer.sol:ImageRenderer" for network base-sepolia:
  - https://sepolia.basescan.org/address/0xC1C7817322D0eFbD997D1Ee01D68068b218F03AC#code

Verifying contract "contracts/ImageRendererV2.sol:ImageRendererV2" for network base-sepolia...
Successfully verified contract "contracts/ImageRendererV2.sol:ImageRendererV2" for network base-sepolia:
  - https://sepolia.basescan.org/address/0x4EA14e61f49e0B17Dea328091B275Fb0B5339f35#code

Verifying contract "contracts/RenderMetadata.sol:RenderMetadata" for network base-sepolia...
Successfully verified contract "contracts/RenderMetadata.sol:RenderMetadata" for network base-sepolia:
  - https://sepolia.basescan.org/address/0xb5a26FA122501D4A1D292d08cA217a11e7Df401B#code

Verifying contract "contracts/ShatteredHiveMedal.sol:ShatteredHiveMedal" for network base-sepolia...
Contract contracts/ShatteredHiveMedal.sol:ShatteredHiveMedal already verified on network base-sepolia:
  - https://sepolia.basescan.org/address/0xa70A1EC81905401fA4025CC37d5459aFDFAe562b#code

Verifying contract "contracts/Ships.sol:Ships" for network base-sepolia...
Contract contracts/Ships.sol:Ships already verified on network base-sepolia:
  - https://sepolia.basescan.org/address/0x2927B80a2e439d38FDcD43d94cc069E084E45C15#code

Verifying contract "contracts/FreeShipClaim.sol:FreeShipClaim" for network base-sepolia...
Contract contracts/FreeShipClaim.sol:FreeShipClaim already verified on network base-sepolia:
  - https://sepolia.basescan.org/address/0x826792fDa50F954c262559622bfc182F63adE4Cd#code

Verifying contract "contracts/Lobbies.sol:Lobbies" for network base-sepolia...
Successfully verified contract "contracts/Lobbies.sol:Lobbies" for network base-sepolia:
  - https://sepolia.basescan.org/address/0x076c2163e3e7204Ea9ADB91721059998aDeCE2d0#code

Verifying contract "contracts/ShipAttributes.sol:ShipAttributes" for network base-sepolia...
Contract contracts/ShipAttributes.sol:ShipAttributes already verified on network base-sepolia:
  - https://sepolia.basescan.org/address/0x36527cfB1B963C8710650e0863feA63aDdEC8BDC#code

Verifying contract "contracts/ShipGrantWinEffect.sol:ShipGrantWinEffect" for network base-sepolia...
Contract contracts/ShipGrantWinEffect.sol:ShipGrantWinEffect already verified on network base-sepolia:
  - https://sepolia.basescan.org/address/0x7AE717Fa04227A071aeD8eb29B672390B516d94A#code

Verifying contract "contracts/ShipPurchaser.sol:ShipPurchaser" for network base-sepolia...
Successfully verified contract "contracts/ShipPurchaser.sol:ShipPurchaser" for network base-sepolia:
  - https://sepolia.basescan.org/address/0x14F16a739fE3238d204EF502AFc69Ee5AA087A51#code

Verifying contract "contracts/ShipsRouter.sol:ShipsRouter" for network base-sepolia...
Successfully verified contract "contracts/ShipsRouter.sol:ShipsRouter" for network base-sepolia:
  - https://sepolia.basescan.org/address/0x1544b58A323f1d5e3ACA760A5C08caA7d24283bE#code

Verifying contract "contracts/TutorialClaim.sol:TutorialClaim" for network base-sepolia...
Successfully verified contract "contracts/TutorialClaim.sol:TutorialClaim" for network base-sepolia:
  - https://sepolia.basescan.org/address/0x42e817e4C5df62079e934A9CB5367bD5738e6d09#code

Verifying contract "contracts/DroneYard.sol:DroneYard" for network base-sepolia...
Successfully verified contract "contracts/DroneYard.sol:DroneYard" for network base-sepolia:
  - https://sepolia.basescan.org/address/0xF4571233De98bb3aA460ECd136463a49e5DE5734#code

Verifying contract "contracts/Fleets.sol:Fleets" for network base-sepolia...
Successfully verified contract "contracts/Fleets.sol:Fleets" for network base-sepolia:
  - https://sepolia.basescan.org/address/0x21589b076f286BE02Bd35B23F25f47Ee30Fd8ff1#code

Verifying contract "contracts/Game.sol:Game" for network base-sepolia...
Successfully verified contract "contracts/Game.sol:Game" for network base-sepolia:
  - https://sepolia.basescan.org/address/0xc96C46B32bCB9a7A1C3e58BC3A542434CC7b81a7#code

Verifying contract "contracts/HealAboveFloorWinEffect.sol:HealAboveFloorWinEffect" for network base-sepolia...
Contract contracts/HealAboveFloorWinEffect.sol:HealAboveFloorWinEffect already verified on network base-sepolia:
  - https://sepolia.basescan.org/address/0x44Ce498c2cBcc6c55c51F7b77aCf92B023C2Da7E#code

Verifying contract "contracts/DroneSwarmResolver.sol:DroneSwarmResolver" for network base-sepolia...
Successfully verified contract "contracts/DroneSwarmResolver.sol:DroneSwarmResolver" for network base-sepolia:
  - https://sepolia.basescan.org/address/0x5D012dc9fB1C3Ff1dbF8783D9d99b9A26f43A462#code

Verifying contract "contracts/EMPResolver.sol:EMPResolver" for network base-sepolia...
Successfully verified contract "contracts/EMPResolver.sol:EMPResolver" for network base-sepolia:
  - https://sepolia.basescan.org/address/0xF9423BdE3DE51193e8883764AE63F669F90d9Af8#code

Verifying contract "contracts/ElectricStormResolver.sol:ElectricStormResolver" for network base-sepolia...
Successfully verified contract "contracts/ElectricStormResolver.sol:ElectricStormResolver" for network base-sepolia:
  - https://sepolia.basescan.org/address/0x72f3B33f5557303529c0e753789FF7d7458009F7#code

Verifying contract "contracts/FlakArrayResolver.sol:FlakArrayResolver" for network base-sepolia...
Successfully verified contract "contracts/FlakArrayResolver.sol:FlakArrayResolver" for network base-sepolia:
  - https://sepolia.basescan.org/address/0x0C5C5a5D658eb8A8fcdCC3360a6aBD15e1D9C546#code

Verifying contract "contracts/PvPMatch.sol:PvPMatch" for network base-sepolia...
Successfully verified contract "contracts/PvPMatch.sol:PvPMatch" for network base-sepolia:
  - https://sepolia.basescan.org/address/0xDf46F8DBe0190bDE6d7FB2a7195736A592679dE7#code

Verifying contract "contracts/RamResolver.sol:RamResolver" for network base-sepolia...
Contract contracts/RamResolver.sol:RamResolver already verified on network base-sepolia:
  - https://sepolia.basescan.org/address/0xb6774D01747e2Bb0c5270ce9D138023F7B823b3f#code

Verifying contract "contracts/RepairDronesResolver.sol:RepairDronesResolver" for network base-sepolia...
Successfully verified contract "contracts/RepairDronesResolver.sol:RepairDronesResolver" for network base-sepolia:
  - https://sepolia.basescan.org/address/0xBB01c6B8c269007F394E8F027dafE7adF5d06315#code

Verifying contract "contracts/RepairResolver.sol:RepairResolver" for network base-sepolia...
Contract contracts/RepairResolver.sol:RepairResolver already verified on network base-sepolia:
  - https://sepolia.basescan.org/address/0x9a17250f039cb8C7617B652D9C0786ca56229F73#code

Verifying contract "contracts/RoguelikeMatch.sol:RoguelikeMatch" for network base-sepolia...
Successfully verified contract "contracts/RoguelikeMatch.sol:RoguelikeMatch" for network base-sepolia:
  - https://sepolia.basescan.org/address/0x5ec9A07e24Fa1EC1E2256e41772BC9509a2459F9#code

Verifying contract "contracts/RoguelikeResupply.sol:RoguelikeResupply" for network base-sepolia...
Successfully verified contract "contracts/RoguelikeResupply.sol:RoguelikeResupply" for network base-sepolia:
  - https://sepolia.basescan.org/address/0x782Fa164AFE15eE95EE27589Df8e6FCC7e13226E#code

Verifying contract "contracts/SinglePlayerMatch.sol:SinglePlayerMatch" for network base-sepolia...
Successfully verified contract "contracts/SinglePlayerMatch.sol:SinglePlayerMatch" for network base-sepolia:
  - https://sepolia.basescan.org/address/0x838d37c04a4bE0c43154Ed3a78D020d6EfEEe68E#code

Verifying contract "contracts/Tournament.sol:Tournament" for network base-sepolia...
Successfully verified contract "contracts/Tournament.sol:Tournament" for network base-sepolia:
  - https://sepolia.basescan.org/address/0x9979323b8948d8CC2f15Aed60a077699B83Cb7A8#code

Verifying contract "contracts/Variant1AI.sol:Variant1AI" for network base-sepolia...
Successfully verified contract "contracts/Variant1AI.sol:Variant1AI" for network base-sepolia:
  - https://sepolia.basescan.org/address/0xAb187d36235614cBea35484e21fc611368793B24#code

Verifying contract "contracts/Variant2AI.sol:Variant2AI" for network base-sepolia...
Successfully verified contract "contracts/Variant2AI.sol:Variant2AI" for network base-sepolia:
  - https://sepolia.basescan.org/address/0x9eD78B933b6fD06289cE19137a21Efa104f0F0bC#code

